nohup: ignoring input

> al-najat-national-institution@1.0.0 start
> node server.js

◇ injected env (5) from .env // tip: ⌘ override existing { override: true }
DB_HOST: 127.0.0.1
DB_USER: alnajat
DB_PASSWORD: ***SET***
DB_NAME: al_najat_db
◇ injected env (0) from .env // tip: ⌘ multiple files { path: ['.env.local', '.env'] }
Server is running at http://localhost:3000
✅ Connected to MariaDB
[0mHEAD /uploads/arsp-members/1786009865220.jpg [32m200[0m 242.674 ms - 65148[0m
[0mHEAD /uploads/arsp-members/1786009865220.jpg [32m200[0m 191.440 ms - 65148[0m
[0mGET /arsp/team [32m200[0m 458.676 ms - 11782[0m
[0mGET /arsp/team [32m200[0m 263.532 ms - 11782[0m
[0mGET / [32m200[0m 156.191 ms - -[0m
[0mGET / [36m304[0m 123.973 ms - -[0m
[0mGET /css/style.css [36m304[0m 150.122 ms - -[0m
[0mGET /css/honour-heart.css [36m304[0m 208.613 ms - -[0m
[0mGET /css/arsp-team.css [36m304[0m 167.668 ms - -[0m
[0mGET /css/navbar.css [36m304[0m 162.567 ms - -[0m
[0mGET /css/components.css [36m304[0m 153.898 ms - -[0m
[0mGET /css/footer.css [36m304[0m 149.060 ms - -[0m
[0mGET /css/home.css [36m304[0m 107.758 ms - -[0m
[0mGET /js/home-slider.js [36m304[0m 54.976 ms - -[0m
[0mGET /uploads/site-settings/1785745617201-319484230.jpg [36m304[0m 97.467 ms - -[0m
[0mGET /uploads/sliders/1785613470174-1484988.jpg [36m304[0m 95.937 ms - -[0m
[0mGET /uploads/personalities/1786017173759.jpg [36m304[0m 100.862 ms - -[0m
[0mGET /uploads/personalities/1785959680497.jpg [36m304[0m 105.280 ms - -[0m
[0mGET /uploads/news/1785617280401-129379124.png [36m304[0m 96.502 ms - -[0m
[0mGET /js/honour-heart-popup.js [36m304[0m 94.017 ms - -[0m
[0mGET /honour-heart/popup [36m304[0m 58.362 ms - -[0m
[0mGET /favicon.ico [36m302[0m 59.356 ms - 34[0m
[0mGET /admin/login [32m200[0m 31.108 ms - -[0m
[0mGET / [36m304[0m 124.747 ms - -[0m
[0mGET /css/honour-heart.css [36m304[0m 87.827 ms - -[0m
[0mGET /css/style.css [36m304[0m 85.646 ms - -[0m
[0mGET /css/arsp-team.css [36m304[0m 83.239 ms - -[0m
[0mGET /css/footer.css [36m304[0m 83.632 ms - -[0m
[0mGET /css/navbar.css [36m304[0m 91.679 ms - -[0m
[0mGET /css/components.css [36m304[0m 85.746 ms - -[0m
[0mGET /css/home.css [36m304[0m 50.850 ms - -[0m
[0mGET /js/home-slider.js [36m304[0m 53.046 ms - -[0m
[0mGET /uploads/sliders/1785613470174-1484988.jpg [36m304[0m 78.251 ms - -[0m
[0mGET /uploads/site-settings/1785745617201-319484230.jpg [36m304[0m 91.830 ms - -[0m
[0mGET /uploads/personalities/1785959680497.jpg [36m304[0m 90.191 ms - -[0m
[0mGET /js/honour-heart-popup.js [36m304[0m 76.535 ms - -[0m
[0mGET /uploads/personalities/1786017173759.jpg [36m304[0m 91.581 ms - -[0m
[0mGET /uploads/news/1785617280401-129379124.png [36m304[0m 95.700 ms - -[0m
[0mGET /honour-heart/popup [36m304[0m 49.555 ms - -[0m
[0mGET /favicon.ico [36m302[0m 45.159 ms - 34[0m
[0mGET /admin/login [36m304[0m 29.122 ms - -[0m
[0mGET / [36m304[0m 111.854 ms - -[0m
[0mGET /css/honour-heart.css [36m304[0m 83.878 ms - -[0m
[0mGET /css/style.css [36m304[0m 81.220 ms - -[0m
[0mGET /css/arsp-team.css [36m304[0m 73.104 ms - -[0m
[0mGET /css/navbar.css [36m304[0m 77.327 ms - -[0m
[0mGET /css/components.css [36m304[0m 80.098 ms - -[0m
[0mGET /css/footer.css [36m304[0m 90.984 ms - -[0m
[0mGET /css/home.css [36m304[0m 49.027 ms - -[0m
[0mGET /js/home-slider.js [36m304[0m 52.872 ms - -[0m
[0mGET /uploads/sliders/1785613470174-1484988.jpg [36m304[0m 72.273 ms - -[0m
[0mGET /uploads/site-settings/1785745617201-319484230.jpg [36m304[0m 77.048 ms - -[0m
[0mGET /uploads/personalities/1785959680497.jpg [36m304[0m 79.008 ms - -[0m
[0mGET /uploads/personalities/1786017173759.jpg [36m304[0m 73.642 ms - -[0m
[0mGET /uploads/news/1785617280401-129379124.png [36m304[0m 82.731 ms - -[0m
[0mGET /js/honour-heart-popup.js [36m304[0m 81.521 ms - -[0m
[0mGET /honour-heart/popup [36m304[0m 50.934 ms - -[0m
[0mGET /favicon.ico [36m302[0m 42.791 ms - 34[0m
[0mGET /admin/login [36m304[0m 29.964 ms - -[0m
[0mGET /favicon.ico [36m302[0m 153.299 ms - 34[0m
[0mGET /admin/login [36m304[0m 48.963 ms - -[0m
[0mGET /arsp/team [32m200[0m 113.777 ms - -[0m
[0mGET /css/honour-heart.css [36m304[0m 108.357 ms - -[0m
[0mGET /css/style.css [36m304[0m 84.955 ms - -[0m
[0mGET /css/navbar.css [36m304[0m 101.196 ms - -[0m
[0mGET /css/footer.css [36m304[0m 99.286 ms - -[0m
[0mGET /css/components.css [36m304[0m 101.152 ms - -[0m
[0mGET /css/arsp-team.css [32m200[0m 131.267 ms - -[0m
[0mGET /css/home.css [36m304[0m 92.215 ms - -[0m
[0mGET /uploads/site-settings/1785745617201-319484230.jpg [36m304[0m 61.843 ms - -[0m
[0mGET /css/arsp.css [32m200[0m 106.664 ms - -[0m
[0mGET /js/honour-heart-popup.js [36m304[0m 63.854 ms - -[0m
[0mGET /uploads/arsp-members/1785990028986.jpg [32m200[0m 63.118 ms - 65148[0m
[0mGET /honour-heart/popup [36m304[0m 63.131 ms - -[0m
[0mGET /uploads/arsp-members/1785904941736.jpg [32m200[0m 77.994 ms - 24500[0m
[0mGET /favicon.ico [36m302[0m 28.032 ms - 34[0m
[0mGET /admin/login [36m304[0m 26.066 ms - -[0m
[0mGET /gallery [36m304[0m 62.538 ms - -[0m
[0mGET /css/honour-heart.css [36m304[0m 127.174 ms - -[0m
[0mGET /css/style.css [36m304[0m 125.655 ms - -[0m
[0mGET /css/navbar.css [36m304[0m 129.482 ms - -[0m
[0mGET /css/footer.css [36m304[0m 124.325 ms - -[0m
[0mGET /css/arsp-team.css [36m304[0m 148.937 ms - -[0m
[0mGET /css/components.css [36m304[0m 139.991 ms - -[0m
[0mGET /css/gallery.css [36m304[0m 51.153 ms - -[0m
[0mGET /js/honour-heart-popup.js [36m304[0m 46.502 ms - -[0m
[0mGET /uploads/site-settings/1785745617201-319484230.jpg [36m304[0m 56.850 ms - -[0m
[0mGET /uploads/gallery/1785411755362-334165103.jpg [36m304[0m 45.090 ms - -[0m
[0mGET /honour-heart/popup [36m304[0m 52.467 ms - -[0m
[0mGET /favicon.ico [36m302[0m 34.165 ms - 34[0m
[0mGET /admin/login [36m304[0m 29.236 ms - -[0m
[0mGET /gallery/5 [32m200[0m 76.593 ms - -[0m
[0mGET /css/honour-heart.css [36m304[0m 106.323 ms - -[0m
[0mGET /css/arsp-team.css [36m304[0m 101.469 ms - -[0m
[0mGET /css/navbar.css [36m304[0m 98.329 ms - -[0m
[0mGET /css/style.css [36m304[0m 105.691 ms - -[0m
[0mGET /css/components.css [36m304[0m 101.639 ms - -[0m
[0mGET /css/footer.css [36m304[0m 109.674 ms - -[0m
[0mGET /css/gallery.css [36m304[0m 52.549 ms - -[0m
[0mGET /uploads/site-settings/1785745617201-319484230.jpg [36m304[0m 53.798 ms - -[0m
[0mGET /js/honour-heart-popup.js [36m304[0m 37.691 ms - -[0m
[0mGET /uploads/gallery/1785412001687-770421631.png [32m200[0m 91.620 ms - 179518[0m
[0mGET /uploads/gallery/1785412001711-540331310.png [32m200[0m 94.392 ms - 172807[0m
[0mGET /uploads/gallery/1785412001682-761895517.png [32m200[0m 62.014 ms - 99716[0m
[0mGET /honour-heart/popup [36m304[0m 43.318 ms - -[0m
[0mGET /favicon.ico [36m302[0m 29.263 ms - 34[0m
[0mGET /admin/login [36m304[0m 25.137 ms - -[0m
[0mGET /gallery/5 [36m304[0m 56.166 ms - -[0m
[0mGET /css/honour-heart.css [36m304[0m 91.599 ms - -[0m
[0mGET /css/style.css [36m304[0m 89.846 ms - -[0m
[0mGET /css/navbar.css [36m304[0m 90.787 ms - -[0m
[0mGET /css/footer.css [36m304[0m 87.463 ms - -[0m
[0mGET /css/arsp-team.css [36m304[0m 104.316 ms - -[0m
[0mGET /css/components.css [36m304[0m 96.392 ms - -[0m
[0mGET /css/gallery.css [36m304[0m 54.721 ms - -[0m
[0mGET /uploads/site-settings/1785745617201-319484230.jpg [36m304[0m 50.642 ms - -[0m
[0mGET /uploads/gallery/1785412001711-540331310.png [36m304[0m 70.175 ms - -[0m
[0mGET /uploads/gallery/1785412001687-770421631.png [36m304[0m 56.320 ms - -[0m
[0mGET /uploads/gallery/1785412001682-761895517.png [36m304[0m 38.974 ms - -[0m
[0mGET /js/honour-heart-popup.js [36m304[0m 41.494 ms - -[0m
[0mGET /honour-heart/popup [36m304[0m 46.820 ms - -[0m
[0mGET /favicon.ico [36m302[0m 42.401 ms - 34[0m
[0mGET /admin/login [36m304[0m 27.454 ms - -[0m
[0mGET / [36m304[0m 367.464 ms - -[0m
[0mGET /css/style.css [36m304[0m 121.681 ms - -[0m
[0mGET /css/honour-heart.css [36m304[0m 150.269 ms - -[0m
[0mGET /css/arsp-team.css [36m304[0m 111.408 ms - -[0m
[0mGET /css/navbar.css [36m304[0m 99.985 ms - -[0m
[0mGET /css/home.css [36m304[0m 111.166 ms - -[0m
[0mGET /css/footer.css [36m304[0m 109.223 ms - -[0m
[0mGET /css/components.css [36m304[0m 130.779 ms - -[0m
[0mGET /js/home-slider.js [36m304[0m 93.908 ms - -[0m
[0mGET /uploads/site-settings/1785745617201-319484230.jpg [36m304[0m 94.738 ms - -[0m
[0mGET /uploads/sliders/1785613470174-1484988.jpg [36m304[0m 92.888 ms - -[0m
[0mGET /uploads/personalities/1785959680497.jpg [36m304[0m 103.937 ms - -[0m
[0mGET /uploads/news/1785617280401-129379124.png [36m304[0m 96.752 ms - -[0m
[0mGET /js/honour-heart-popup.js [36m304[0m 79.478 ms - -[0m
[0mGET /uploads/personalities/1786017173759.jpg [36m304[0m 115.540 ms - -[0m
[0mGET /honour-heart/popup [36m304[0m 44.858 ms - -[0m
[0mGET /favicon.ico [36m302[0m 31.346 ms - 34[0m
[0mGET /admin/login [36m304[0m 31.404 ms - -[0m
[0mGET / [36m304[0m 121.740 ms - -[0m
[0mGET /css/honour-heart.css [36m304[0m 44.528 ms - -[0m
[0mGET /css/style.css [36m304[0m 44.911 ms - -[0m
[0mGET /css/arsp-team.css [36m304[0m 98.345 ms - -[0m
[0mGET /css/navbar.css [36m304[0m 112.903 ms - -[0m
[0mGET /css/footer.css [36m304[0m 107.413 ms - -[0m
[0mGET /css/home.css [36m304[0m 106.835 ms - -[0m
[0mGET /uploads/site-settings/1785745617201-319484230.jpg [36m304[0m 98.089 ms - -[0m
[0mGET /css/components.css [36m304[0m 118.908 ms - -[0m
[0mGET /js/home-slider.js [36m304[0m 87.030 ms - -[0m
[0mGET /uploads/sliders/1785613470174-1484988.jpg [36m304[0m 107.411 ms - -[0m
[0mGET /uploads/personalities/1785959680497.jpg [36m304[0m 105.608 ms - -[0m
[0mGET /uploads/personalities/1786017173759.jpg [36m304[0m 105.658 ms - -[0m
[0mGET /js/honour-heart-popup.js [36m304[0m 98.062 ms - -[0m
[0mGET /uploads/news/1785617280401-129379124.png [36m304[0m 109.234 ms - -[0m
[0mGET /honour-heart/popup [36m304[0m 50.641 ms - -[0m
[0mGET /favicon.ico [36m302[0m 72.715 ms - 34[0m
[0mGET /admin/login [36m304[0m 80.750 ms - -[0m
[0mGET /rtse [36m302[0m 36.165 ms - 41[0m
[0mGET /admin/login [36m304[0m 38.267 ms - -[0m
[0mGET /css/style.css [36m304[0m 52.175 ms - -[0m
[0mGET /uploads/site-settings/1785745617201-319484230.jpg [36m304[0m 54.018 ms - -[0m
[0mGET /css/auth.css [36m304[0m 61.101 ms - -[0m
[0mGET /favicon.ico [36m302[0m 26.888 ms - 34[0m
[0mGET /admin/login [36m304[0m 30.203 ms - -[0m
[0mGET /admin/login [36m304[0m 34.062 ms - -[0m
[0mGET /css/auth.css [36m304[0m 51.724 ms - -[0m
[0mGET /css/style.css [36m304[0m 66.933 ms - -[0m
[0mGET /uploads/site-settings/1785745617201-319484230.jpg [36m304[0m 71.224 ms - -[0m
[0mGET /favicon.ico [36m302[0m 37.176 ms - 34[0m
[0mGET /admin/login [36m304[0m 32.379 ms - -[0m
[0mGET /favicon.ico [36m302[0m 37.233 ms - 34[0m
[0mGET /admin/login [36m304[0m 35.950 ms - -[0m
[0mGET /rtse/apply [36m302[0m 123.628 ms - 34[0m
[0mGET / [36m304[0m 156.247 ms - -[0m
[0mGET /css/style.css [36m304[0m 46.348 ms - -[0m
[0mGET /css/honour-heart.css [36m304[0m 61.373 ms - -[0m
[0mGET /css/components.css [36m304[0m 55.937 ms - -[0m
[0mGET /css/footer.css [36m304[0m 50.486 ms - -[0m
[0mGET /css/navbar.css [36m304[0m 85.524 ms - -[0m
[0mGET /css/home.css [36m304[0m 87.061 ms - -[0m
[0mGET /css/arsp-team.css [36m304[0m 104.407 ms - -[0m
[0mGET /js/home-slider.js [36m304[0m 127.228 ms - -[0m
[0mGET /uploads/sliders/1785613470174-1484988.jpg [36m304[0m 81.257 ms - -[0m
[0mGET /uploads/site-settings/1785745617201-319484230.jpg [36m304[0m 117.511 ms - -[0m
[0mGET /uploads/personalities/1785959680497.jpg [36m304[0m 77.818 ms - -[0m
[0mGET /uploads/personalities/1786017173759.jpg [36m304[0m 68.497 ms - -[0m
[0mGET /uploads/news/1785617280401-129379124.png [36m304[0m 81.316 ms - -[0m
[0mGET /js/honour-heart-popup.js [36m304[0m 38.800 ms - -[0m
[0mGET /honour-heart/popup [36m304[0m 40.512 ms - -[0m
[0mGET /favicon.ico [36m302[0m 23.385 ms - 34[0m
[0mGET /admin/login [36m304[0m 29.032 ms - -[0m
[0mGET / [36m304[0m 103.541 ms - -[0m
[0mGET /css/honour-heart.css [36m304[0m 89.318 ms - -[0m
[0mGET /css/style.css [36m304[0m 87.507 ms - -[0m
[0mGET /css/arsp-team.css [36m304[0m 92.625 ms - -[0m
[0mGET /css/navbar.css [36m304[0m 87.825 ms - -[0m
[0mGET /css/components.css [36m304[0m 91.903 ms - -[0m
[0mGET /css/footer.css [36m304[0m 99.688 ms - -[0m
[0mGET /css/home.css [36m304[0m 63.664 ms - -[0m
[0mGET /js/home-slider.js [36m304[0m 94.496 ms - -[0m
[0mGET /uploads/site-settings/1785745617201-319484230.jpg [36m304[0m 117.930 ms - -[0m
[0mGET /uploads/personalities/1785959680497.jpg [36m304[0m 108.202 ms - -[0m
[0mGET /uploads/sliders/1785613470174-1484988.jpg [36m304[0m 116.235 ms - -[0m
[0mGET /uploads/personalities/1786017173759.jpg [36m304[0m 119.958 ms - -[0m
[0mGET /uploads/news/1785617280401-129379124.png [36m304[0m 83.042 ms - -[0m
[0mGET /js/honour-heart-popup.js [36m304[0m 49.630 ms - -[0m
[0mGET /honour-heart/popup [36m304[0m 40.188 ms - -[0m
[0mGET /favicon.ico [36m302[0m 30.916 ms - 34[0m
[0mGET /admin/login [36m304[0m 27.633 ms - -[0m
[0mGET /rtse [36m302[0m 27.788 ms - 41[0m
[0mGET /admin/login [36m304[0m 30.470 ms - -[0m
[0mGET /css/style.css [36m304[0m 42.575 ms - -[0m
[0mGET /uploads/site-settings/1785745617201-319484230.jpg [36m304[0m 46.766 ms - -[0m
[0mGET /css/auth.css [36m304[0m 49.829 ms - -[0m
[0mGET /favicon.ico [36m302[0m 28.723 ms - 34[0m
[0mGET /admin/login [36m304[0m 28.486 ms - -[0m
[0mGET /admin/login [36m304[0m 31.860 ms - -[0m
[0mGET /css/style.css [36m304[0m 46.099 ms - -[0m
[0mGET /uploads/site-settings/1785745617201-319484230.jpg [36m304[0m 47.207 ms - -[0m
[0mGET /css/auth.css [36m304[0m 55.441 ms - -[0m
[0mGET /favicon.ico [36m302[0m 27.192 ms - 34[0m
[0mGET /admin/login [36m304[0m 24.739 ms - -[0m
[0mGET /admin/login [36m304[0m 32.913 ms - -[0m
[0mGET /css/style.css [36m304[0m 42.082 ms - -[0m
[0mGET /uploads/site-settings/1785745617201-319484230.jpg [36m304[0m 51.346 ms - -[0m
[0mGET /css/auth.css [36m304[0m 57.236 ms - -[0m
[0mGET /favicon.ico [36m302[0m 28.040 ms - 34[0m
[0mGET /admin/login [36m304[0m 27.909 ms - -[0m
[0mGET /rtse/apply [36m302[0m 25.441 ms - 34[0m
[0mGET /rtse/apply [36m302[0m 29.207 ms - 34[0m
